--------- beginning of main
08-14 17:15:42.013 D/RCTrackpad(28474): ACTION_DOWN at (522.0, 520.0)
08-14 17:15:42.315 D/RCConn  (28474): processOne {"t":"LCLICK"}  sent
08-14 17:15:43.789 D/RCConn  (28474): processOne {"t":"PING"}  sent
08-14 17:15:45.464 D/RCTrackpad(28474): ACTION_DOWN at (864.0, 1202.0)
08-14 17:15:45.517 D/RCConn  (28474): processOne {"t":"MOVE","dx":-43.0,"dy":-26.0}  sent
08-14 17:15:45.528 D/RCConn  (28474): processOne {"t":"MOVE","dx":-47.0,"dy":-24.0}  sent
08-14 17:15:45.539 D/RCConn  (28474): processOne {"t":"MOVE","dx":-54.0,"dy":-25.0}  sent
08-14 17:15:45.550 D/RCConn  (28474): processOne {"t":"MOVE","dx":-43.0,"dy":-24.0}  sent
08-14 17:15:45.560 D/RCConn  (28474): processOne {"t":"MOVE","dx":-36.0,"dy":-27.0}  sent
08-14 17:15:45.572 D/RCConn  (28474): processOne {"t":"MOVE","dx":-31.0,"dy":-24.0}  sent
08-14 17:15:45.583 D/RCConn  (28474): processOne {"t":"MOVE","dx":-23.0,"dy":-17.0}  sent
08-14 17:15:45.593 D/RCConn  (28474): processOne {"t":"MOVE","dx":-26.0,"dy":-23.0}  sent
08-14 17:15:45.604 D/RCConn  (28474): processOne {"t":"MOVE","dx":-20.0,"dy":-19.0}  sent
08-14 17:15:45.616 D/RCConn  (28474): processOne {"t":"MOVE","dx":-26.0,"dy":-22.0}  sent
08-14 17:15:45.627 D/RCConn  (28474): processOne {"t":"MOVE","dx":-21.0,"dy":-18.0}  sent
08-14 17:15:45.638 D/RCConn  (28474): processOne {"t":"MOVE","dx":-27.0,"dy":-20.0}  sent
08-14 17:15:45.649 D/RCConn  (28474): processOne {"t":"MOVE","dx":-28.0,"dy":-24.0}  sent
08-14 17:15:45.660 D/RCConn  (28474): processOne {"t":"MOVE","dx":-30.0,"dy":-25.0}  sent
08-14 17:15:45.671 D/RCConn  (28474): processOne {"t":"MOVE","dx":-23.0,"dy":-25.0}  sent
08-14 17:15:45.682 D/RCConn  (28474): processOne {"t":"MOVE","dx":-27.0,"dy":-23.0}  sent
08-14 17:15:45.693 D/RCConn  (28474): processOne {"t":"MOVE","dx":-23.0,"dy":-22.0}  sent
08-14 17:15:45.704 D/RCConn  (28474): processOne {"t":"MOVE","dx":-21.0,"dy":-21.0}  sent
08-14 17:15:45.715 D/RCConn  (28474): processOne {"t":"MOVE","dx":-20.0,"dy":-19.0}  sent
08-14 17:15:45.726 D/RCConn  (28474): processOne {"t":"MOVE","dx":-17.0,"dy":-16.0}  sent
08-14 17:15:45.738 D/RCConn  (28474): processOne {"t":"MOVE","dx":-13.0,"dy":-14.0}  sent
08-14 17:15:45.749 D/RCConn  (28474): processOne {"t":"MOVE","dx":-15.0,"dy":-13.0}  sent
08-14 17:15:45.759 D/RCConn  (28474): processOne {"t":"MOVE","dx":-11.0,"dy":-10.0}  sent
08-14 17:15:45.771 D/RCConn  (28474): processOne {"t":"MOVE","dx":-6.0,"dy":-3.0}  sent
08-14 17:15:45.782 D/RCConn  (28474): processOne {"t":"MOVE","dx":-2.0,"dy":-2.0}  sent
08-14 17:15:45.793 D/RCConn  (28474): processOne {"t":"MOVE","dx":-1.0,"dy":0.0}  sent
08-14 17:15:45.815 D/RCConn  (28474): processOne {"t":"MOVE","dx":0.0,"dy":-1.0}  sent
08-14 17:15:45.826 D/RCConn  (28474): processOne {"t":"MOVE","dx":-2.0,"dy":0.0}  sent
08-14 17:15:45.837 D/RCConn  (28474): processOne {"t":"MOVE","dx":-1.0,"dy":0.0}  sent
08-14 17:15:45.849 D/RCConn  (28474): processOne {"t":"MOVE","dx":-2.0,"dy":0.0}  sent
08-14 17:15:45.860 D/RCConn  (28474): processOne {"t":"MOVE","dx":-1.0,"dy":0.0}  sent
08-14 17:15:45.871 D/RCConn  (28474): processOne {"t":"MOVE","dx":-2.0,"dy":0.0}  sent
08-14 17:15:45.882 D/RCConn  (28474): processOne {"t":"MOVE","dx":-1.0,"dy":0.0}  sent
08-14 17:15:45.893 D/RCConn  (28474): processOne {"t":"MOVE","dx":-2.0,"dy":0.0}  sent
08-14 17:15:45.904 D/RCConn  (28474): processOne {"t":"MOVE","dx":-1.0,"dy":0.0}  sent
08-14 17:15:45.948 D/RCConn  (28474): processOne {"t":"MOVE","dx":-3.0,"dy":1.0}  sent
08-14 17:15:45.960 D/RCConn  (28474): processOne {"t":"MOVE","dx":-2.0,"dy":4.0}  sent
08-14 17:15:45.971 D/RCConn  (28474): processOne {"t":"MOVE","dx":-3.0,"dy":5.0}  sent
08-14 17:15:45.982 D/RCConn  (28474): processOne {"t":"MOVE","dx":-3.0,"dy":4.0}  sent
08-14 17:15:45.993 D/RCConn  (28474): processOne {"t":"MOVE","dx":-5.0,"dy":7.0}  sent
08-14 17:15:46.004 D/RCConn  (28474): processOne {"t":"MOVE","dx":-6.0,"dy":10.0}  sent
08-14 17:15:46.015 D/RCConn  (28474): processOne {"t":"MOVE","dx":-8.0,"dy":8.0}  sent
08-14 17:15:46.026 D/RCConn  (28474): processOne {"t":"MOVE","dx":-12.0,"dy":11.0}  sent
08-14 17:15:46.037 D/RCConn  (28474): processOne {"t":"MOVE","dx":-14.0,"dy":14.0}  sent
08-14 17:15:46.049 D/RCConn  (28474): processOne {"t":"MOVE","dx":-24.0,"dy":18.0}  sent
08-14 17:15:46.059 D/RCConn  (28474): processOne {"t":"MOVE","dx":-27.0,"dy":31.0}  sent
08-14 17:15:46.070 D/RCConn  (28474): processOne {"t":"MOVE","dx":-24.0,"dy":36.0}  sent
08-14 17:15:46.082 D/RCConn  (28474): processOne {"t":"MOVE","dx":-25.0,"dy":35.0}  sent
08-14 17:15:46.092 D/RCConn  (28474): processOne {"t":"MOVE","dx":-27.0,"dy":45.0}  sent
08-14 17:15:46.104 D/RCConn  (28474): processOne {"t":"MOVE","dx":-19.0,"dy":34.0}  sent
08-14 17:15:46.115 D/RCConn  (28474): processOne {"t":"MOVE","dx":-9.0,"dy":26.0}  sent
08-14 17:15:46.126 D/RCConn  (28474): processOne {"t":"MOVE","dx":-9.0,"dy":35.0}  sent
08-14 17:15:46.137 D/RCConn  (28474): processOne {"t":"MOVE","dx":-3.0,"dy":21.0}  sent
08-14 17:15:46.148 D/RCConn  (28474): processOne {"t":"MOVE","dx":-3.0,"dy":21.0}  sent
08-14 17:15:46.159 D/RCConn  (28474): processOne {"t":"MOVE","dx":-3.0,"dy":15.0}  sent
08-14 17:15:46.170 D/RCConn  (28474): processOne {"t":"MOVE","dx":-3.0,"dy":9.0}  sent
08-14 17:15:46.184 D/RCConn  (28474): processOne {"t":"MOVE","dx":0.0,"dy":5.0}  sent
08-14 17:15:46.192 D/RCConn  (28474): processOne {"t":"MOVE","dx":-1.0,"dy":4.0}  sent
08-14 17:15:46.381 D/RCTrackpad(28474): ACTION_DOWN at (382.0, 570.0)
08-14 17:15:46.403 D/RCConn  (28474): processOne {"t":"MOVE","dx":13.0,"dy":18.0}  sent
08-14 17:15:46.414 D/RCConn  (28474): processOne {"t":"MOVE","dx":19.0,"dy":25.0}  sent
08-14 17:15:46.425 D/RCConn  (28474): processOne {"t":"MOVE","dx":13.0,"dy":17.0}  sent
08-14 17:15:46.436 D/RCConn  (28474): processOne {"t":"MOVE","dx":12.0,"dy":16.0}  sent
08-14 17:15:46.448 D/RCConn  (28474): processOne {"t":"MOVE","dx":13.0,"dy":17.0}  sent
08-14 17:15:46.458 D/RCConn  (28474): processOne {"t":"MOVE","dx":12.0,"dy":17.0}  sent
08-14 17:15:46.470 D/RCConn  (28474): processOne {"t":"MOVE","dx":12.0,"dy":16.0}  sent
08-14 17:15:46.480 D/RCConn  (28474): processOne {"t":"MOVE","dx":13.0,"dy":17.0}  sent
08-14 17:15:46.492 D/RCConn  (28474): processOne {"t":"MOVE","dx":12.0,"dy":16.0}  sent
08-14 17:15:46.503 D/RCConn  (28474): processOne {"t":"MOVE","dx":13.0,"dy":17.0}  sent
08-14 17:15:46.514 D/RCConn  (28474): processOne {"t":"MOVE","dx":12.0,"dy":17.0}  sent
08-14 17:15:46.525 D/RCConn  (28474): processOne {"t":"MOVE","dx":13.0,"dy":16.0}  sent
08-14 17:15:46.537 D/RCConn  (28474): processOne {"t":"MOVE","dx":12.0,"dy":17.0}  sent
08-14 17:15:46.548 D/RCConn  (28474): processOne {"t":"MOVE","dx":13.0,"dy":17.0}  sent
08-14 17:15:46.559 D/RCConn  (28474): processOne {"t":"MOVE","dx":12.0,"dy":16.0}  sent
08-14 17:15:46.569 D/RCConn  (28474): processOne {"t":"MOVE","dx":13.0,"dy":17.0}  sent
08-14 17:15:46.581 D/RCConn  (28474): processOne {"t":"MOVE","dx":12.0,"dy":17.0}  sent
08-14 17:15:46.592 D/RCConn  (28474): processOne {"t":"MOVE","dx":13.0,"dy":16.0}  sent
08-14 17:15:46.603 D/RCConn  (28474): processOne {"t":"MOVE","dx":12.0,"dy":16.0}  sent
08-14 17:15:46.614 D/RCConn  (28474): processOne {"t":"MOVE","dx":13.0,"dy":17.0}  sent
08-14 17:15:46.626 D/RCConn  (28474): processOne {"t":"MOVE","dx":12.0,"dy":17.0}  sent
08-14 17:15:46.637 D/RCConn  (28474): processOne {"t":"MOVE","dx":13.0,"dy":17.0}  sent
08-14 17:15:46.647 D/RCConn  (28474): processOne {"t":"MOVE","dx":12.0,"dy":16.0}  sent
08-14 17:15:46.659 D/RCConn  (28474): processOne {"t":"MOVE","dx":13.0,"dy":17.0}  sent
08-14 17:15:46.670 D/RCConn  (28474): processOne {"t":"MOVE","dx":12.0,"dy":17.0}  sent
08-14 17:15:46.680 D/RCConn  (28474): processOne {"t":"MOVE","dx":13.0,"dy":16.0}  sent
08-14 17:15:46.692 D/RCConn  (28474): processOne {"t":"MOVE","dx":12.0,"dy":17.0}  sent
08-14 17:15:46.703 D/RCConn  (28474): processOne {"t":"MOVE","dx":12.0,"dy":16.0}  sent
08-14 17:15:46.713 D/RCConn  (28474): processOne {"t":"MOVE","dx":13.0,"dy":17.0}  sent
08-14 17:15:46.724 D/RCConn  (28474): processOne {"t":"MOVE","dx":12.0,"dy":17.0}  sent
08-14 17:15:46.737 D/RCTrackpad(28474): ACTION_DOWN at (762.0, 1045.0)
08-14 17:15:46.737 D/RCConn  (28474): processOne {"t":"MOVE","dx":12.0,"dy":16.0}  sent
08-14 17:15:46.792 D/RCConn  (28474): processOne {"t":"MOVE","dx":-16.0,"dy":-1.0}  sent
08-14 17:15:46.803 D/RCConn  (28474): processOne {"t":"MOVE","dx":-39.0,"dy":-3.0}  sent
08-14 17:15:46.814 D/RCConn  (28474): processOne {"t":"MOVE","dx":-46.0,"dy":-5.0}  sent
08-14 17:15:46.824 D/RCConn  (28474): processOne {"t":"MOVE","dx":-45.0,"dy":-6.0}  sent
08-14 17:15:46.836 D/RCConn  (28474): processOne {"t":"MOVE","dx":-31.0,"dy":-5.0}  sent
08-14 17:15:46.847 D/RCConn  (28474): processOne {"t":"MOVE","dx":-24.0,"dy":-2.0}  sent
08-14 17:15:46.859 D/RCConn  (28474): processOne {"t":"MOVE","dx":-16.0,"dy":-1.0}  sent
08-14 17:15:46.869 D/RCConn  (28474): processOne {"t":"MOVE","dx":-20.0,"dy":-1.0}  sent
08-14 17:15:46.880 D/RCConn  (28474): processOne {"t":"MOVE","dx":-12.0,"dy":-3.0}  sent
08-14 17:15:46.891 D/RCConn  (28474): processOne {"t":"MOVE","dx":-12.0,"dy":-1.0}  sent
08-14 17:15:46.902 D/RCConn  (28474): processOne {"t":"MOVE","dx":-15.0,"dy":-3.0}  sent
08-14 17:15:46.914 D/RCConn  (28474): processOne {"t":"MOVE","dx":-16.0,"dy":-3.0}  sent
08-14 17:15:46.925 D/RCConn  (28474): processOne {"t":"MOVE","dx":-16.0,"dy":-7.0}  sent
08-14 17:15:46.936 D/RCConn  (28474): processOne {"t":"MOVE","dx":-17.0,"dy":-6.0}  sent
08-14 17:15:46.946 D/RCConn  (28474): processOne {"t":"MOVE","dx":-15.0,"dy":-6.0}  sent
08-14 17:15:46.958 D/RCConn  (28474): processOne {"t":"MOVE","dx":-12.0,"dy":-5.0}  sent
08-14 17:15:46.969 D/RCConn  (28474): processOne {"t":"MOVE","dx":-12.0,"dy":-5.0}  sent
08-14 17:15:46.980 D/RCConn  (28474): processOne {"t":"MOVE","dx":-12.0,"dy":-7.0}  sent
08-14 17:15:46.991 D/RCConn  (28474): processOne {"t":"MOVE","dx":-15.0,"dy":-7.0}  sent
08-14 17:15:47.002 D/RCConn  (28474): processOne {"t":"MOVE","dx":-8.0,"dy":-3.0}  sent
08-14 17:15:47.013 D/RCConn  (28474): processOne {"t":"MOVE","dx":-8.0,"dy":-3.0}  sent
08-14 17:15:47.024 D/RCConn  (28474): processOne {"t":"MOVE","dx":-7.0,"dy":-5.0}  sent
08-14 17:15:47.035 D/RCConn  (28474): processOne {"t":"MOVE","dx":-8.0,"dy":-3.0}  sent
08-14 17:15:47.046 D/RCConn  (28474): processOne {"t":"MOVE","dx":-5.0,"dy":-1.0}  sent
08-14 17:15:47.057 D/RCConn  (28474): processOne {"t":"MOVE","dx":-3.0,"dy":-3.0}  sent
08-14 17:15:47.068 D/RCConn  (28474): processOne {"t":"MOVE","dx":-3.0,"dy":-1.0}  sent
08-14 17:15:47.080 D/RCConn  (28474): processOne {"t":"MOVE","dx":-1.0,"dy":-1.0}  sent
08-14 17:15:47.091 D/RCConn  (28474): processOne {"t":"MOVE","dx":-1.0,"dy":0.0}  sent
08-14 17:15:47.113 D/RCConn  (28474): processOne {"t":"MOVE","dx":-1.0,"dy":0.0}  sent
08-14 17:15:47.124 D/RCConn  (28474): processOne {"t":"MOVE","dx":-2.0,"dy":-2.0}  sent
08-14 17:15:47.136 D/RCConn  (28474): processOne {"t":"MOVE","dx":-1.0,"dy":0.0}  sent
08-14 17:15:47.146 D/RCConn  (28474): processOne {"t":"MOVE","dx":-2.0,"dy":0.0}  sent
08-14 17:15:47.157 D/RCConn  (28474): processOne {"t":"MOVE","dx":-1.0,"dy":-1.0}  sent
08-14 17:15:47.168 D/RCConn  (28474): processOne {"t":"MOVE","dx":-2.0,"dy":0.0}  sent
08-14 17:15:47.812 D/RCTrackpad(28474): ACTION_DOWN at (787.0, 1271.0)
08-14 17:15:47.862 D/RCConn  (28474): processOne {"t":"MOVE","dx":-35.0,"dy":-22.0}  sent
08-14 17:15:47.879 D/RCConn  (28474): processOne {"t":"MOVE","dx":-94.0,"dy":-67.0}  sent
08-14 17:15:47.894 D/RCConn  (28474): processOne {"t":"MOVE","dx":-84.0,"dy":-69.0}  sent
08-14 17:15:47.906 D/RCConn  (28474): processOne {"t":"MOVE","dx":-43.0,"dy":-31.0}  sent
08-14 17:15:47.917 D/RCConn  (28474): processOne {"t":"MOVE","dx":-32.0,"dy":-30.0}  sent
08-14 17:15:47.927 D/RCConn  (28474): processOne {"t":"MOVE","dx":-30.0,"dy":-24.0}  sent
08-14 17:15:47.939 D/RCConn  (28474): processOne {"t":"MOVE","dx":-25.0,"dy":-15.0}  sent
08-14 17:15:47.948 D/RCTrackpad(28474): ACTION_DOWN at (682.0, 970.0)
08-14 17:15:47.961 D/RCConn  (28474): processOne {"t":"MOVE","dx":-9.0,"dy":-13.0}  sent
08-14 17:15:47.972 D/RCConn  (28474): processOne {"t":"MOVE","dx":-13.0,"dy":-17.0}  sent
08-14 17:15:47.983 D/RCConn  (28474): processOne {"t":"MOVE","dx":-12.0,"dy":-16.0}  sent
08-14 17:15:47.994 D/RCConn  (28474): processOne {"t":"MOVE","dx":-13.0,"dy":-17.0}  sent
08-14 17:15:48.005 D/RCConn  (28474): processOne {"t":"MOVE","dx":-12.0,"dy":-16.0}  sent
08-14 17:15:48.017 D/RCConn  (28474): processOne {"t":"MOVE","dx":-13.0,"dy":-17.0}  sent
08-14 17:15:48.028 D/RCConn  (28474): processOne {"t":"MOVE","dx":-12.0,"dy":-17.0}  sent
08-14 17:15:48.039 D/RCConn  (28474): processOne {"t":"MOVE","dx":-13.0,"dy":-17.0}  sent
08-14 17:15:48.050 D/RCConn  (28474): processOne {"t":"MOVE","dx":-13.0,"dy":-16.0}  sent
08-14 17:15:48.061 D/RCConn  (28474): processOne {"t":"MOVE","dx":-12.0,"dy":-17.0}  sent
08-14 17:15:48.073 D/RCConn  (28474): processOne {"t":"MOVE","dx":-12.0,"dy":-16.0}  sent
08-14 17:15:48.083 D/RCConn  (28474): processOne {"t":"MOVE","dx":-13.0,"dy":-17.0}  sent
08-14 17:15:48.095 D/RCConn  (28474): processOne {"t":"MOVE","dx":-12.0,"dy":-17.0}  sent
08-14 17:15:48.106 D/RCConn  (28474): processOne {"t":"MOVE","dx":-13.0,"dy":-16.0}  sent
08-14 17:15:48.116 D/RCConn  (28474): processOne {"t":"MOVE","dx":-12.0,"dy":-17.0}  sent
08-14 17:15:48.128 D/RCConn  (28474): processOne {"t":"MOVE","dx":-13.0,"dy":-17.0}  sent
08-14 17:15:48.139 D/RCConn  (28474): processOne {"t":"MOVE","dx":-12.0,"dy":-16.0}  sent
08-14 17:15:48.150 D/RCConn  (28474): processOne {"t":"MOVE","dx":-13.0,"dy":-17.0}  sent
08-14 17:15:48.161 D/RCConn  (28474): processOne {"t":"MOVE","dx":-12.0,"dy":-16.0}  sent
08-14 17:15:48.172 D/RCConn  (28474): processOne {"t":"MOVE","dx":-13.0,"dy":-17.0}  sent
08-14 17:15:48.183 D/RCConn  (28474): processOne {"t":"MOVE","dx":-11.0,"dy":-16.0}  sent
08-14 17:15:48.194 D/RCConn  (28474): processOne {"t":"MOVE","dx":-13.0,"dy":-17.0}  sent
08-14 17:15:48.205 D/RCConn  (28474): processOne {"t":"MOVE","dx":-13.0,"dy":-17.0}  sent
08-14 17:15:48.216 D/RCConn  (28474): processOne {"t":"MOVE","dx":-11.0,"dy":-14.0}  sent
08-14 17:15:48.227 D/RCConn  (28474): processOne {"t":"MOVE","dx":-14.0,"dy":-19.0}  sent
08-14 17:15:48.239 D/RCConn  (28474): processOne {"t":"MOVE","dx":-12.0,"dy":-17.0}  sent
08-14 17:15:48.250 D/RCConn  (28474): processOne {"t":"MOVE","dx":-13.0,"dy":-16.0}  sent
08-14 17:15:48.260 D/RCConn  (28474): processOne {"t":"MOVE","dx":-12.0,"dy":-17.0}  sent
08-14 17:15:48.272 D/RCConn  (28474): processOne {"t":"MOVE","dx":-13.0,"dy":-17.0}  sent
08-14 17:15:48.283 D/RCConn  (28474): processOne {"t":"MOVE","dx":-12.0,"dy":-16.0}  sent
08-14 17:15:48.294 D/RCConn  (28474): processOne {"t":"MOVE","dx":-13.0,"dy":-17.0}  sent
08-14 17:15:48.306 D/RCConn  (28474): processOne {"t":"MOVE","dx":-12.0,"dy":-17.0}  sent
08-14 17:15:48.316 D/RCConn  (28474): processOne {"t":"MOVE","dx":-13.0,"dy":-16.0}  sent
08-14 17:15:48.328 D/RCConn  (28474): processOne {"t":"MOVE","dx":-12.0,"dy":-17.0}  sent
08-14 17:15:48.339 D/RCConn  (28474): processOne {"t":"MOVE","dx":-13.0,"dy":-16.0}  sent
08-14 17:15:48.349 D/RCConn  (28474): processOne {"t":"MOVE","dx":-12.0,"dy":-17.0}  sent
08-14 17:15:48.794 D/RCConn  (28474): processOne {"t":"PING"}  sent
08-14 17:15:48.873 D/RCTrackpad(28474): ACTION_DOWN at (553.0, 949.0)
08-14 17:15:48.949 D/RCConn  (28474): processOne {"t":"MOVE","dx":31.0,"dy":39.0}  sent
08-14 17:15:48.960 D/RCConn  (28474): processOne {"t":"MOVE","dx":34.0,"dy":42.0}  sent
08-14 17:15:48.970 D/RCConn  (28474): processOne {"t":"MOVE","dx":34.0,"dy":49.0}  sent
08-14 17:15:48.981 D/RCConn  (28474): processOne {"t":"MOVE","dx":28.0,"dy":42.0}  sent
08-14 17:15:48.992 D/RCConn  (28474): processOne {"t":"MOVE","dx":21.0,"dy":32.0}  sent
08-14 17:15:49.003 D/RCConn  (28474): processOne {"t":"MOVE","dx":18.0,"dy":31.0}  sent
08-14 17:15:49.015 D/RCConn  (28474): processOne {"t":"MOVE","dx":14.0,"dy":27.0}  sent
08-14 17:15:49.026 D/RCConn  (28474): processOne {"t":"MOVE","dx":15.0,"dy":24.0}  sent
08-14 17:15:49.037 D/RCConn  (28474): processOne {"t":"MOVE","dx":13.0,"dy":19.0}  sent
08-14 17:15:49.048 D/RCConn  (28474): processOne {"t":"MOVE","dx":9.0,"dy":14.0}  sent
08-14 17:15:49.059 D/RCConn  (28474): processOne {"t":"MOVE","dx":7.0,"dy":13.0}  sent
08-14 17:15:49.070 D/RCConn  (28474): processOne {"t":"MOVE","dx":7.0,"dy":13.0}  sent
08-14 17:15:49.081 D/RCConn  (28474): processOne {"t":"MOVE","dx":5.0,"dy":8.0}  sent
08-14 17:15:49.092 D/RCConn  (28474): processOne {"t":"MOVE","dx":2.0,"dy":4.0}  sent
08-14 17:15:49.103 D/RCConn  (28474): processOne {"t":"MOVE","dx":2.0,"dy":1.0}  sent
08-14 17:15:49.114 D/RCConn  (28474): processOne {"t":"MOVE","dx":0.0,"dy":2.0}  sent
08-14 17:15:50.331 D/RCTrackpad(28474): ACTION_DOWN at (313.0, 1103.0)
08-14 17:15:50.379 D/RCConn  (28474): processOne {"t":"SCROLL","d":-1}  sent
08-14 17:15:50.395 D/RCConn  (28474): processOne {"t":"SCROLL","d":-1}  sent
08-14 17:15:50.412 D/RCConn  (28474): processOne {"t":"SCROLL","d":-1}  sent
08-14 17:15:50.423 D/RCConn  (28474): processOne {"t":"SCROLL","d":-1}  sent
08-14 17:15:50.434 D/RCConn  (28474): processOne {"t":"SCROLL","d":-1}  sent
08-14 17:15:50.445 D/RCConn  (28474): processOne {"t":"SCROLL","d":-1}  sent
08-14 17:15:50.457 D/RCConn  (28474): processOne {"t":"SCROLL","d":-1}  sent
08-14 17:15:50.467 D/RCConn  (28474): processOne {"t":"SCROLL","d":-1}  sent
08-14 17:15:50.478 D/RCConn  (28474): processOne {"t":"SCROLL","d":-1}  sent
08-14 17:15:50.489 D/RCConn  (28474): processOne {"t":"SCROLL","d":-1}  sent
